Last login: Sun Dec  4 14:10:08 on ttys000
samberg@Sams-Air ~ % ls
Applications	Documents	Library		Pictures	repos
Code		Downloads	Movies		Public
Desktop		Google Drive	Music		git_test
samberg@Sams-Air ~ % cd code
samberg@Sams-Air code % ls
html-boilerplate		html-list-practice1.html
html-list-practice		html-list-practice2.html
html-list-practice1		odin-links-and-images
samberg@Sams-Air code % cd .
samberg@Sams-Air code % ls
html-boilerplate		html-list-practice1.html
html-list-practice		html-list-practice2.html
html-list-practice1		odin-links-and-images
samberg@Sams-Air code % cd ..
samberg@Sams-Air ~ % ls
Applications	Documents	Library		Pictures	repos
Code		Downloads	Movies		Public
Desktop		Google Drive	Music		git_test
samberg@Sams-Air ~ % cd repos
samberg@Sams-Air repos % ls
samberg@Sams-Air repos % bash

The default interactive shell is now zsh.
To update your account to use zsh, please run `chsh -s /bin/zsh`.
For more details, please visit https://support.apple.com/kb/HT208050.
bash-3.2$ ls
bash-3.2$ cwd
bash: cwd: command not found
bash-3.2$ pwd
/Users/samberg/repos
bash-3.2$ git@github.com:sberg02/odin-recipes.git
bash: git@github.com:sberg02/odin-recipes.git: No such file or directory
bash-3.2$ git clone git@github.com:sberg02/odin-recipes.git
Cloning into 'odin-recipes'...
Enter passphrase for key '/Users/samberg/.ssh/id_ed25519': 
Enter passphrase for key '/Users/samberg/.ssh/id_ed25519': 
Enter passphrase for key '/Users/samberg/.ssh/id_ed25519': 
git@github.com: Permission denied (publickey).
fatal: Could not read from remote repository.

Please make sure you have the correct access rights
and the repository exists.
bash-3.2$ git clone
fatal: You must specify a repository to clone.

usage: git clone [<options>] [--] <repo> [<dir>]

    -v, --verbose         be more verbose
    -q, --quiet           be more quiet
    --progress            force progress reporting
    --reject-shallow      don't clone shallow repository
    -n, --no-checkout     don't create a checkout
    --bare                create a bare repository
    --mirror              create a mirror repository (implies bare)
    -l, --local           to clone from a local repository
    --no-hardlinks        don't use local hardlinks, always copy
    -s, --shared          setup as shared repository
    --recurse-submodules[=<pathspec>]
                          initialize submodules in the clone
    --recursive ...       alias of --recurse-submodules
    -j, --jobs <n>        number of submodules cloned in parallel
    --template <template-directory>
                          directory from which templates will be used
    --reference <repo>    reference repository
    --reference-if-able <repo>
                          reference repository
    --dissociate          use --reference only while cloning
    -o, --origin <name>   use <name> instead of 'origin' to track upstream
    -b, --branch <branch>
                          checkout <branch> instead of the remote's HEAD
    -u, --upload-pack <path>
                          path to git-upload-pack on the remote
    --depth <depth>       create a shallow clone of that depth
    --shallow-since <time>
                          create a shallow clone since a specific time
    --shallow-exclude <revision>
                          deepen history of shallow clone, excluding rev
    --single-branch       clone only one branch, HEAD or --branch
    --no-tags             don't clone any tags, and make later fetches not to follow them
    --shallow-submodules  any cloned submodules will be shallow
    --separate-git-dir <gitdir>
                          separate git dir from working tree
    -c, --config <key=value>
                          set config inside the new repository
    --server-option <server-specific>
                          option to transmit
    -4, --ipv4            use IPv4 addresses only
    -6, --ipv6            use IPv6 addresses only
    --filter <args>       object filtering
    --also-filter-submodules
                          apply partial clone filters to submodules
    --remote-submodules   any cloned submodules will use their remote-tracking branch
    --sparse              initialize sparse-checkout file to include only files at root
    --bundle-uri <uri>    a URI for downloading bundles before fetching from origin remote

bash-3.2$ git clone git@github.com:sberg02/odin-recipes.git
Cloning into 'odin-recipes'...
Enter passphrase for key '/Users/samberg/.ssh/id_ed25519': 
Enter passphrase for key '/Users/samberg/.ssh/id_ed25519': 
Enter passphrase for key '/Users/samberg/.ssh/id_ed25519': 
git@github.com: Permission denied (publickey).
fatal: Could not read from remote repository.

Please make sure you have the correct access rights
and the repository exists.
bash-3.2$ git clone git@github.com:sberg02/odin-recipes.git
Cloning into 'odin-recipes'...
Enter passphrase for key '/Users/samberg/.ssh/id_ed25519': 
Enter passphrase for key '/Users/samberg/.ssh/id_ed25519': 
Enter passphrase for key '/Users/samberg/.ssh/id_ed25519': 
git@github.com: Permission denied (publickey).
fatal: Could not read from remote repository.

Please make sure you have the correct access rights
and the repository exists.
bash-3.2$ ssh-keygen -p -f ~/.ssh/id_ed25519
Enter old passphrase: 
Failed to load key /Users/samberg/.ssh/id_ed25519: incorrect passphrase supplied to decrypt private key
bash-3.2$ ssh-keygen -p -f ~/.ssh/id_ed25519
Enter old passphrase: 
Failed to load key /Users/samberg/.ssh/id_ed25519: incorrect passphrase supplied to decrypt private key
bash-3.2$ ssh-keygen -p -f ~/.ssh/id_ed25519
Enter old passphrase: 
Key has comment '114252187+sberg02@users.noreply.github.com'
Enter new passphrase (empty for no passphrase): 
Enter same passphrase again: 
Your identification has been saved with the new passphrase.
bash-3.2$ git clone git@github.com:username/odin-recipes.git
Cloning into 'odin-recipes'...
ERROR: Repository not found.
fatal: Could not read from remote repository.

Please make sure you have the correct access rights
and the repository exists.
bash-3.2$ clear

bash-3.2$ git clone git@github.com:sberg02/odin-recipes.git
Cloning into 'odin-recipes'...
warning: You appear to have cloned an empty repository.
bash-3.2$ ls
odin-recipes
bash-3.2$ cd odin-recipes/
bash-3.2$ ls
bash-3.2$ add readme
bash: add: command not found
bash-3.2$ git add readme.md
fatal: pathspec 'readme.md' did not match any files
bash-3.2$ touch readme.md
bash-3.2$ ls
readme.md
bash-3.2$ nano readme.md









  UW PICO 5.09                    File: readme.md                     Modified  

This website will be a basic recipe resource. Recipes will be assembled   
and displayed using basic HTML. Different HTML elements used will include,
lists, images, and links.

















^G Get Help  ^O WriteOut  ^R Read File ^Y Prev Pg   ^K Cut Text  ^C Cur Pos   
^X Exit      ^J Justify   ^W Where is  ^V Next Pg   ^U UnCut Text^T To Spell  
